<?xml version="1.0" encoding="utf-8"?><testsuites name="pytest tests"><testsuite name="pytest" errors="0" failures="0" skipped="18" tests="518" time="21.275" timestamp="2025-07-30T15:27:30.864574+00:00" hostname="codespaces-5265dc"><testcase classname="tests.test_adapters.test_adapter" name="test_adapter_connect[asyncio]" time="0.612" /><testcase classname="tests.test_adapters.test_adapter" name="test_adapter_server[asyncio-fastapi]" time="0.004" /><testcase classname="tests.test_driver" name="test_lifespan[asyncio-none]" time="0.619" /><testcase classname="tests.test_driver" name="test_http_server[asyncio-fastapi]" time="1.015" /><testcase classname="tests.test_adapters.test_adapter" name="test_adapter_server[asyncio-quart]" time="0.186" /><testcase classname="tests.test_adapters.test_adapter" name="test_adapter_server[asyncio-httpx]" time="0.031"><skipped type="pytest.xfail" message="not a server" /></testcase><testcase classname="tests.test_adapters.test_adapter" name="test_adapter_server[asyncio-websockets]" time="0.025"><skipped type="pytest.xfail" message="not a server" /></testcase><testcase classname="tests.test_adapters.test_adapter" name="test_adapter_server[asyncio-aiohttp]" time="0.104"><skipped type="pytest.xfail" message="not a server" /></testcase><testcase classname="tests.test_adapters.test_adapter" name="test_adapter_http_client[asyncio-fastapi]" time="0.003"><skipped type="pytest.xfail" message="not a http client" /></testcase><testcase classname="tests.test_adapters.test_adapter" name="test_adapter_http_client[asyncio-quart]" time="0.005"><skipped type="pytest.xfail" message="not a http client" /></testcase><testcase classname="tests.test_adapters.test_adapter" name="test_adapter_http_client[asyncio-httpx]" time="0.003" /><testcase classname="tests.test_adapters.test_adapter" name="test_adapter_http_client[asyncio-websockets]" time="0.003"><skipped type="pytest.xfail" message="not a http client" /></testcase><testcase classname="tests.test_adapters.test_adapter" name="test_adapter_http_client[asyncio-aiohttp]" time="0.003" /><testcase classname="tests.test_adapters.test_adapter" name="test_adapter_websocket_client[asyncio-fastapi]" time="0.003"><skipped type="pytest.xfail" message="not a websocket client" /></testcase><testcase classname="tests.test_adapters.test_adapter" name="test_adapter_websocket_client[asyncio-quart]" time="0.005"><skipped type="pytest.xfail" message="not a websocket client" /></testcase><testcase classname="tests.test_adapters.test_adapter" name="test_adapter_websocket_client[asyncio-httpx]" time="0.003"><skipped type="pytest.xfail" message="not a websocket client" /></testcase><testcase classname="tests.test_adapters.test_adapter" name="test_adapter_websocket_client[asyncio-websockets]" time="0.003" /><testcase classname="tests.test_adapters.test_adapter" name="test_adapter_websocket_client[asyncio-aiohttp]" time="0.003" /><testcase classname="tests.test_adapters.test_bot" name="test_bot_call_api[asyncio]" time="0.002" /><testcase classname="tests.test_adapters.test_bot" name="test_bot_calling_api_hook_simple[asyncio]" time="0.003" /><testcase classname="tests.test_adapters.test_bot" name="test_bot_calling_api_hook_mock[asyncio]" time="0.002" /><testcase classname="tests.test_adapters.test_bot" name="test_bot_calling_api_hook_multi_mock[asyncio]" time="0.002" /><testcase classname="tests.test_adapters.test_bot" name="test_bot_called_api_hook_simple[asyncio]" time="0.002" /><testcase classname="tests.test_adapters.test_bot" name="test_bot_called_api_hook_mock[asyncio]" time="0.002" /><testcase classname="tests.test_adapters.test_bot" name="test_bot_called_api_hook_multi_mock[asyncio]" time="0.002" /><testcase classname="tests.test_adapters.test_message" name="test_segment_data[asyncio]" time="0.001" /><testcase classname="tests.test_adapters.test_message" name="test_segment_equal[asyncio]" time="0.001" /><testcase classname="tests.test_adapters.test_message" name="test_segment_add[asyncio]" time="0.002" /><testcase classname="tests.test_adapters.test_message" name="test_segment_validate[asyncio]" time="0.002" /><testcase classname="tests.test_adapters.test_message" name="test_segment_join[asyncio]" time="0.001" /><testcase classname="tests.test_adapters.test_message" name="test_segment_copy[asyncio]" time="0.001" /><testcase classname="tests.test_adapters.test_message" name="test_message_add[asyncio]" time="0.001" /><testcase classname="tests.test_adapters.test_message" name="test_message_getitem[asyncio]" time="0.001" /><testcase classname="tests.test_adapters.test_message" name="test_message_validate[asyncio]" time="0.003" /><testcase classname="tests.test_adapters.test_message" name="test_message_contains[asyncio]" time="0.001" /><testcase classname="tests.test_adapters.test_message" name="test_message_only[asyncio]" time="0.001" /><testcase classname="tests.test_adapters.test_message" name="test_message_join[asyncio]" time="0.001" /><testcase classname="tests.test_adapters.test_message" name="test_message_include[asyncio]" time="0.001" /><testcase classname="tests.test_adapters.test_message" name="test_message_exclude[asyncio]" time="0.001" /><testcase classname="tests.test_adapters.test_template" name="test_template_basis[asyncio]" time="0.001" /><testcase classname="tests.test_adapters.test_template" name="test_template_message[asyncio]" time="0.003" /><testcase classname="tests.test_adapters.test_template" name="test_rich_template_message[asyncio]" time="0.001" /><testcase classname="tests.test_adapters.test_template" name="test_message_injection[asyncio]" time="0.001" /><testcase classname="tests.test_adapters.test_template" name="test_malformed_template[asyncio]" time="0.001" /><testcase classname="tests.test_broadcast" name="test_event_preprocessor[asyncio]" time="0.018" /><testcase classname="tests.test_broadcast" name="test_event_preprocessor_ignore[asyncio]" time="0.003" /><testcase classname="tests.test_broadcast" name="test_event_preprocessor_exception[asyncio]" time="0.011" /><testcase classname="tests.test_broadcast" name="test_event_postprocessor[asyncio]" time="0.009" /><testcase classname="tests.test_broadcast" name="test_event_postprocessor_exception[asyncio]" time="0.013" /><testcase classname="tests.test_broadcast" name="test_run_preprocessor[asyncio]" time="0.011" /><testcase classname="tests.test_broadcast" name="test_run_preprocessor_ignore[asyncio]" time="0.005" /><testcase classname="tests.test_broadcast" name="test_run_preprocessor_exception[asyncio]" time="0.014" /><testcase classname="tests.test_broadcast" name="test_run_postprocessor[asyncio]" time="0.011" /><testcase classname="tests.test_broadcast" name="test_run_postprocessor_exception[asyncio]" time="0.015" /><testcase classname="tests.test_compat" name="test_default_config[asyncio]" time="0.001" /><testcase classname="tests.test_compat" name="test_field_info[asyncio]" time="0.001" /><testcase classname="tests.test_compat" name="test_field_validator[asyncio]" time="0.003" /><testcase classname="tests.test_compat" name="test_type_adapter[asyncio]" time="0.001" /><testcase classname="tests.test_compat" name="test_model_dump[asyncio]" time="0.001" /><testcase classname="tests.test_compat" name="test_model_validator[asyncio]" time="0.002" /><testcase classname="tests.test_compat" name="test_custom_validation[asyncio]" time="0.002" /><testcase classname="tests.test_compat" name="test_validate_json[asyncio]" time="0.003" /><testcase classname="tests.test_config" name="test_config_no_env[asyncio]" time="0.002" /><testcase classname="tests.test_config" name="test_config_with_env[asyncio]" time="0.009" /><testcase classname="tests.test_config" name="test_config_error_env[asyncio]" time="0.005" /><testcase classname="tests.test_config" name="test_config_without_delimiter[asyncio]" time="0.006" /><testcase classname="tests.test_permission" name="test_superuser[asyncio-notice-test-True]" time="0.004" /><testcase classname="tests.test_permission" name="test_user[asyncio-session_ids0-user-True]" time="0.004" /><testcase classname="tests.test_permission" name="test_user[asyncio-session_ids1-bar-False]" time="0.003" /><testcase classname="tests.test_permission" name="test_user[asyncio-session_ids2-None-False]" time="0.004" /><testcase classname="tests.test_plugin.test_get" name="test_get_plugin[asyncio]" time="0.001" /><testcase classname="tests.test_plugin.test_get" name="test_get_plugin_by_module_name[asyncio]" time="0.001" /><testcase classname="tests.test_plugin.test_get" name="test_get_available_plugin[asyncio]" time="0.001" /><testcase classname="tests.test_plugin.test_get" name="test_get_plugin_config[asyncio]" time="0.002" /><testcase classname="tests.test_plugin.test_load" name="test_load_plugin[asyncio]" time="0.007" /><testcase classname="tests.test_plugin.test_load" name="test_load_plugins[asyncio]" time="0.002" /><testcase classname="tests.test_plugin.test_load" name="test_load_nested_plugin[asyncio]" time="0.001" /><testcase classname="tests.test_plugin.test_load" name="test_load_json[asyncio]" time="0.001" /><testcase classname="tests.test_plugin.test_load" name="test_load_toml[asyncio]" time="0.002" /><testcase classname="tests.test_plugin.test_load" name="test_bad_plugin[asyncio]" time="0.004" /><testcase classname="tests.test_plugin.test_load" name="test_require_loaded[asyncio]" time="0.001" /><testcase classname="tests.test_plugin.test_load" name="test_require_not_loaded[asyncio]" time="0.004" /><testcase classname="tests.test_plugin.test_load" name="test_require_not_declared[asyncio]" time="0.002" /><testcase classname="tests.test_plugin.test_load" name="test_require_not_found[asyncio]" time="0.002" /><testcase classname="tests.test_plugin.test_load" name="test_plugin_metadata[asyncio]" time="0.001" /><testcase classname="tests.test_plugin.test_load" name="test_inherit_supported_adapters_not_found[asyncio]" time="0.001" /><testcase classname="tests.test_plugin.test_load" name="test_inherit_supported_adapters_combine[asyncio-inherit_plugins0-None]" time="0.001" /><testcase classname="tests.test_plugin.test_load" name="test_inherit_supported_adapters_combine[asyncio-inherit_plugins1-expected1]" time="0.001" /><testcase classname="tests.test_plugin.test_load" name="test_inherit_supported_adapters_combine[asyncio-inherit_plugins2-expected2]" time="0.001" /><testcase classname="tests.test_plugin.test_load" name="test_inherit_supported_adapters_combine[asyncio-inherit_plugins3-expected3]" time="0.001" /><testcase classname="tests.test_plugin.test_load" name="test_inherit_supported_adapters_combine[asyncio-inherit_plugins4-expected4]" time="0.001" /><testcase classname="tests.test_plugin.test_load" name="test_inherit_supported_adapters_combine[asyncio-inherit_plugins5-expected5]" time="0.001" /><testcase classname="tests.test_plugin.test_load" name="test_inherit_supported_adapters_combine[asyncio-inherit_plugins6-expected6]" time="0.002" /><testcase classname="tests.test_plugin.test_load" name="test_inherit_supported_adapters_combine[asyncio-inherit_plugins7-expected7]" time="0.001" /><testcase classname="tests.test_plugin.test_load" name="test_inherit_supported_adapters_combine[asyncio-inherit_plugins8-expected8]" time="0.001" /><testcase classname="tests.test_plugin.test_load" name="test_inherit_supported_adapters_combine[asyncio-inherit_plugins9-expected9]" time="0.001" /><testcase classname="tests.test_plugin.test_manager" name="test_load_plugin_name[asyncio]" time="0.002" /><testcase classname="tests.test_plugin.test_on" name="test_on[asyncio-matcher_on-None-True]" time="0.001" /><testcase classname="tests.test_plugin.test_on" name="test_on[asyncio-matcher_on_metaevent-None-False]" time="0.002" /><testcase classname="tests.test_plugin.test_on" name="test_on[asyncio-matcher_on_message-None-True]" time="0.001" /><testcase classname="tests.test_plugin.test_on" name="test_on[asyncio-matcher_on_notice-None-False]" time="0.001" /><testcase classname="tests.test_plugin.test_on" name="test_on[asyncio-matcher_on_request-None-False]" time="0.001" /><testcase classname="tests.test_plugin.test_on" name="test_on[asyncio-matcher_on_startswith-&lt;lambda&gt;-True]" time="0.001" /><testcase classname="tests.test_plugin.test_on" name="test_on[asyncio-matcher_on_endswith-&lt;lambda&gt;-True]" time="0.001" /><testcase classname="tests.test_plugin.test_on" name="test_on[asyncio-matcher_on_fullmatch-&lt;lambda&gt;-True]" time="0.001" /><testcase classname="tests.test_plugin.test_on" name="test_on[asyncio-matcher_on_keyword-&lt;lambda&gt;-True]" time="0.001" /><testcase classname="tests.test_plugin.test_on" name="test_on[asyncio-matcher_on_command-&lt;lambda&gt;-True]" time="0.002" /><testcase classname="tests.test_plugin.test_on" name="test_on[asyncio-matcher_on_shell_command-&lt;lambda&gt;-True]" time="0.001" /><testcase classname="tests.test_plugin.test_on" name="test_on[asyncio-matcher_on_regex-&lt;lambda&gt;-True]" time="0.001" /><testcase classname="tests.test_plugin.test_on" name="test_on[asyncio-matcher_on_type-&lt;lambda&gt;-True]" time="0.003" /><testcase classname="tests.test_plugin.test_on" name="test_on[asyncio-matcher_prefix_cmd-&lt;lambda&gt;-True]" time="0.001" /><testcase classname="tests.test_plugin.test_on" name="test_on[asyncio-matcher_prefix_shell_cmd-&lt;lambda&gt;-True]" time="0.001" /><testcase classname="tests.test_plugin.test_on" name="test_on[asyncio-matcher_prefix_aliases_cmd-&lt;lambda&gt;-True]" time="0.001" /><testcase classname="tests.test_plugin.test_on" name="test_on[asyncio-matcher_prefix_aliases_shell_cmd-&lt;lambda&gt;-True]" time="0.001" /><testcase classname="tests.test_plugin.test_on" name="test_on[asyncio-matcher_group_on-None-True]" time="0.001" /><testcase classname="tests.test_plugin.test_on" name="test_on[asyncio-matcher_group_on_metaevent-None-False]" time="0.001" /><testcase classname="tests.test_plugin.test_on" name="test_on[asyncio-matcher_group_on_message-None-True]" time="0.001" /><testcase classname="tests.test_plugin.test_on" name="test_on[asyncio-matcher_group_on_notice-None-False]" time="0.001" /><testcase classname="tests.test_plugin.test_on" name="test_on[asyncio-matcher_group_on_request-None-False]" time="0.002" /><testcase classname="tests.test_plugin.test_on" name="test_on[asyncio-matcher_group_on_startswith-&lt;lambda&gt;-True]" time="0.001" /><testcase classname="tests.test_plugin.test_on" name="test_on[asyncio-matcher_group_on_endswith-&lt;lambda&gt;-True]" time="0.002" /><testcase classname="tests.test_plugin.test_on" name="test_on[asyncio-matcher_group_on_fullmatch-&lt;lambda&gt;-True]" time="0.001" /><testcase classname="tests.test_plugin.test_on" name="test_on[asyncio-matcher_group_on_keyword-&lt;lambda&gt;-True]" time="0.001" /><testcase classname="tests.test_plugin.test_on" name="test_on[asyncio-matcher_group_on_command-&lt;lambda&gt;-True]" time="0.002" /><testcase classname="tests.test_plugin.test_on" name="test_on[asyncio-matcher_group_on_shell_command-&lt;lambda&gt;-True]" time="0.002" /><testcase classname="tests.test_plugin.test_on" name="test_on[asyncio-matcher_group_on_regex-&lt;lambda&gt;-True]" time="0.002" /><testcase classname="tests.test_plugin.test_on" name="test_on[asyncio-matcher_group_on_type-&lt;lambda&gt;-True]" time="0.001" /><testcase classname="tests.test_plugin.test_on" name="test_runtime_on[asyncio]" time="0.001" /><testcase classname="tests.test_rule" name="test_rule[asyncio]" time="0.005" /><testcase classname="tests.test_rule" name="test_trie[asyncio]" time="0.005" /><testcase classname="tests.test_rule" name="test_startswith[asyncio-prefix-False-message-prefix_-True]" time="0.004" /><testcase classname="tests.test_rule" name="test_startswith[asyncio-prefix-False-message-Prefix_-False]" time="0.005" /><testcase classname="tests.test_rule" name="test_startswith[asyncio-prefix-True-message-prefix_-True]" time="0.006" /><testcase classname="tests.test_rule" name="test_startswith[asyncio-prefix-True-message-Prefix_-True]" time="0.005" /><testcase classname="tests.test_rule" name="test_startswith[asyncio-prefix-False-message-prefoo-False]" time="0.006" /><testcase classname="tests.test_rule" name="test_startswith[asyncio-prefix-False-message-fooprefix-False]" time="0.005" /><testcase classname="tests.test_rule" name="test_startswith[asyncio-prefix-False-message-None-False]" time="0.008" /><testcase classname="tests.test_rule" name="test_startswith[asyncio-msg7-False-message-fooprefix-True]" time="0.006" /><testcase classname="tests.test_rule" name="test_startswith[asyncio-prefix-False-notice-prefix-True]" time="0.005" /><testcase classname="tests.test_rule" name="test_startswith[asyncio-prefix-False-notice-foo-False]" time="0.005" /><testcase classname="tests.test_rule" name="test_endswith[asyncio-suffix-False-message-_suffix-True]" time="0.008" /><testcase classname="tests.test_rule" name="test_endswith[asyncio-suffix-False-message-_Suffix-False]" time="0.006" /><testcase classname="tests.test_rule" name="test_endswith[asyncio-suffix-True-message-_suffix-True]" time="0.005" /><testcase classname="tests.test_rule" name="test_endswith[asyncio-suffix-True-message-_Suffix-True]" time="0.005" /><testcase classname="tests.test_rule" name="test_endswith[asyncio-suffix-False-message-suffoo-False]" time="0.007" /><testcase classname="tests.test_rule" name="test_endswith[asyncio-suffix-False-message-suffixfoo-False]" time="0.007" /><testcase classname="tests.test_rule" name="test_endswith[asyncio-suffix-False-message-None-False]" time="0.008" /><testcase classname="tests.test_rule" name="test_endswith[asyncio-msg7-False-message-suffixfoo-True]" time="0.008" /><testcase classname="tests.test_rule" name="test_endswith[asyncio-suffix-False-notice-suffix-True]" time="0.008" /><testcase classname="tests.test_rule" name="test_endswith[asyncio-suffix-False-notice-foo-False]" time="0.005" /><testcase classname="tests.test_rule" name="test_fullmatch[asyncio-fullmatch-False-message-fullmatch-True]" time="0.006" /><testcase classname="tests.test_rule" name="test_fullmatch[asyncio-fullmatch-False-message-Fullmatch-False]" time="0.008" /><testcase classname="tests.test_rule" name="test_fullmatch[asyncio-fullmatch-True-message-fullmatch-True]" time="0.005" /><testcase classname="tests.test_rule" name="test_fullmatch[asyncio-fullmatch-True-message-Fullmatch-True]" time="0.010" /><testcase classname="tests.test_rule" name="test_fullmatch[asyncio-fullmatch-False-message-fullfoo-False]" time="0.007" /><testcase classname="tests.test_rule" name="test_fullmatch[asyncio-fullmatch-False-message-_fullmatch_-False]" time="0.014" /><testcase classname="tests.test_rule" name="test_fullmatch[asyncio-fullmatch-False-message-None-False]" time="0.010" /><testcase classname="tests.test_rule" name="test_fullmatch[asyncio-msg7-False-message-fullmatchfoo-False]" time="0.010" /><testcase classname="tests.test_rule" name="test_fullmatch[asyncio-fullmatch-False-notice-fullmatch-True]" time="0.011" /><testcase classname="tests.test_rule" name="test_fullmatch[asyncio-fullmatch-False-notice-foo-False]" time="0.007" /><testcase classname="tests.test_rule" name="test_keyword[asyncio-kws0-message-_key_-True]" time="0.009" /><testcase classname="tests.test_rule" name="test_keyword[asyncio-kws1-message-_foo_-True]" time="0.011" /><testcase classname="tests.test_rule" name="test_keyword[asyncio-kws2-message-None-False]" time="0.010" /><testcase classname="tests.test_rule" name="test_keyword[asyncio-kws3-message-foo-False]" time="0.008" /><testcase classname="tests.test_rule" name="test_keyword[asyncio-kws4-notice-_key_-True]" time="0.010" /><testcase classname="tests.test_rule" name="test_keyword[asyncio-kws5-notice-foo-False]" time="0.011" /><testcase classname="tests.test_rule" name="test_command[asyncio-cmds0-None-cmd0-None-None-True]" time="0.017" /><testcase classname="tests.test_driver" name="test_http_server[asyncio-quart]" time="1.390" /><testcase classname="tests.test_rule" name="test_command[asyncio-cmds1-None-cmd1-None-None-False]" time="0.011" /><testcase classname="tests.test_rule" name="test_command[asyncio-cmds2-None-cmd2-None-None-True]" time="0.011" /><testcase classname="tests.test_rule" name="test_command[asyncio-cmds3-None-cmd3-None-None-False]" time="0.014" /><testcase classname="tests.test_rule" name="test_command[asyncio-cmds4-None-cmd4-None-None-True]" time="0.010" /><testcase classname="tests.test_rule" name="test_command[asyncio-cmds5-None-cmd5-None-None-False]" time="0.012" /><testcase classname="tests.test_rule" name="test_command[asyncio-cmds6-True-cmd6- -arg-True]" time="0.008" /><testcase classname="tests.test_rule" name="test_command[asyncio-cmds7-True-cmd7-None-arg-False]" time="0.007" /><testcase classname="tests.test_rule" name="test_command[asyncio-cmds8-True-cmd8-None-None-True]" time="0.008" /><testcase classname="tests.test_rule" name="test_command[asyncio-cmds9-False-cmd9- -arg-False]" time="0.008" /><testcase classname="tests.test_rule" name="test_command[asyncio-cmds10-False-cmd10-None-arg-True]" time="0.008" /><testcase classname="tests.test_rule" name="test_command[asyncio-cmds11-False-cmd11-None-None-True]" time="0.008" /><testcase classname="tests.test_rule" name="test_command[asyncio-cmds12- -cmd12- -arg-True]" time="0.008" /><testcase classname="tests.test_rule" name="test_command[asyncio-cmds13- -cmd13-\n-arg-False]" time="0.008" /><testcase classname="tests.test_rule" name="test_command[asyncio-cmds14- -cmd14-None-arg-False]" time="0.008" /><testcase classname="tests.test_rule" name="test_command[asyncio-cmds15- -cmd15-None-None-True]" time="0.012" /><testcase classname="tests.test_rule" name="test_shell_command[asyncio]" time="0.077" /><testcase classname="tests.test_rule" name="test_regex[asyncio-(?P&lt;key&gt;key\\d)-message-_key1_-True-matched0]" time="0.006" /><testcase classname="tests.test_rule" name="test_regex[asyncio-foo-message-None-False-None]" time="0.008" /><testcase classname="tests.test_rule" name="test_regex[asyncio-foo-notice-foo-True-matched2]" time="0.005" /><testcase classname="tests.test_rule" name="test_regex[asyncio-foo-notice-bar-False-None]" time="0.004" /><testcase classname="tests.test_rule" name="test_to_me[asyncio-True]" time="0.003" /><testcase classname="tests.test_rule" name="test_to_me[asyncio-False]" time="0.004" /><testcase classname="tests.test_rule" name="test_is_type[asyncio]" time="0.004" /><testcase classname="tests.test_single_session" name="test_matcher_mutex[asyncio]" time="0.004" /><testcase classname="tests.test_utils" name="test_loguru_escape_tag[asyncio]" time="0.001" /><testcase classname="tests.test_utils" name="test_generic_check_issubclass[asyncio]" time="0.001" /><testcase classname="tests.test_utils" name="test_is_coroutine_callable[asyncio]" time="0.001" /><testcase classname="tests.test_utils" name="test_is_gen_callable[asyncio]" time="0.001" /><testcase classname="tests.test_utils" name="test_is_async_gen_callable[asyncio]" time="0.001" /><testcase classname="tests.test_utils" name="test_dataclass_encoder[asyncio]" time="0.001" /><testcase classname="tests.test_adapters.test_adapter" name="test_adapter_connect[trio]" time="0.003" /><testcase classname="tests.test_adapters.test_adapter" name="test_adapter_server[trio-fastapi]" time="0.004" /><testcase classname="tests.test_adapters.test_adapter" name="test_adapter_server[trio-quart]" time="0.006" /><testcase classname="tests.test_adapters.test_adapter" name="test_adapter_server[trio-httpx]" time="0.003"><skipped type="pytest.xfail" message="not a server" /></testcase><testcase classname="tests.test_adapters.test_adapter" name="test_adapter_server[trio-websockets]" time="0.003"><skipped type="pytest.xfail" message="not a server" /></testcase><testcase classname="tests.test_adapters.test_adapter" name="test_adapter_server[trio-aiohttp]" time="0.003"><skipped type="pytest.xfail" message="not a server" /></testcase><testcase classname="tests.test_adapters.test_adapter" name="test_adapter_http_client[trio-fastapi]" time="0.003"><skipped type="pytest.xfail" message="not a http client" /></testcase><testcase classname="tests.test_adapters.test_adapter" name="test_adapter_http_client[trio-quart]" time="0.005"><skipped type="pytest.xfail" message="not a http client" /></testcase><testcase classname="tests.test_adapters.test_adapter" name="test_adapter_http_client[trio-httpx]" time="0.004" /><testcase classname="tests.test_adapters.test_adapter" name="test_adapter_http_client[trio-websockets]" time="0.004"><skipped type="pytest.xfail" message="not a http client" /></testcase><testcase classname="tests.test_adapters.test_adapter" name="test_adapter_http_client[trio-aiohttp]" time="0.003" /><testcase classname="tests.test_adapters.test_adapter" name="test_adapter_websocket_client[trio-fastapi]" time="0.004"><skipped type="pytest.xfail" message="not a websocket client" /></testcase><testcase classname="tests.test_adapters.test_adapter" name="test_adapter_websocket_client[trio-quart]" time="0.007"><skipped type="pytest.xfail" message="not a websocket client" /></testcase><testcase classname="tests.test_adapters.test_adapter" name="test_adapter_websocket_client[trio-httpx]" time="0.004"><skipped type="pytest.xfail" message="not a websocket client" /></testcase><testcase classname="tests.test_adapters.test_adapter" name="test_adapter_websocket_client[trio-websockets]" time="0.003" /><testcase classname="tests.test_adapters.test_adapter" name="test_adapter_websocket_client[trio-aiohttp]" time="0.003" /><testcase classname="tests.test_adapters.test_bot" name="test_bot_call_api[trio]" time="0.002" /><testcase classname="tests.test_adapters.test_bot" name="test_bot_calling_api_hook_simple[trio]" time="0.002" /><testcase classname="tests.test_adapters.test_bot" name="test_bot_calling_api_hook_mock[trio]" time="0.002" /><testcase classname="tests.test_adapters.test_bot" name="test_bot_calling_api_hook_multi_mock[trio]" time="0.002" /><testcase classname="tests.test_adapters.test_bot" name="test_bot_called_api_hook_simple[trio]" time="0.002" /><testcase classname="tests.test_adapters.test_bot" name="test_bot_called_api_hook_mock[trio]" time="0.003" /><testcase classname="tests.test_adapters.test_bot" name="test_bot_called_api_hook_multi_mock[trio]" time="0.002" /><testcase classname="tests.test_adapters.test_message" name="test_segment_data[trio]" time="0.001" /><testcase classname="tests.test_adapters.test_message" name="test_segment_equal[trio]" time="0.001" /><testcase classname="tests.test_adapters.test_message" name="test_segment_add[trio]" time="0.001" /><testcase classname="tests.test_adapters.test_message" name="test_segment_validate[trio]" time="0.002" /><testcase classname="tests.test_adapters.test_message" name="test_segment_join[trio]" time="0.001" /><testcase classname="tests.test_adapters.test_message" name="test_segment_copy[trio]" time="0.001" /><testcase classname="tests.test_adapters.test_message" name="test_message_add[trio]" time="0.001" /><testcase classname="tests.test_adapters.test_message" name="test_message_getitem[trio]" time="0.001" /><testcase classname="tests.test_adapters.test_message" name="test_message_validate[trio]" time="0.002" /><testcase classname="tests.test_adapters.test_message" name="test_message_contains[trio]" time="0.002" /><testcase classname="tests.test_adapters.test_message" name="test_message_only[trio]" time="0.001" /><testcase classname="tests.test_adapters.test_message" name="test_message_join[trio]" time="0.001" /><testcase classname="tests.test_adapters.test_message" name="test_message_include[trio]" time="0.001" /><testcase classname="tests.test_adapters.test_message" name="test_message_exclude[trio]" time="0.001" /><testcase classname="tests.test_adapters.test_template" name="test_template_basis[trio]" time="0.001" /><testcase classname="tests.test_adapters.test_template" name="test_template_message[trio]" time="0.002" /><testcase classname="tests.test_adapters.test_template" name="test_rich_template_message[trio]" time="0.001" /><testcase classname="tests.test_adapters.test_template" name="test_message_injection[trio]" time="0.001" /><testcase classname="tests.test_adapters.test_template" name="test_malformed_template[trio]" time="0.001" /><testcase classname="tests.test_broadcast" name="test_event_preprocessor[trio]" time="0.009" /><testcase classname="tests.test_broadcast" name="test_event_preprocessor_ignore[trio]" time="0.003" /><testcase classname="tests.test_broadcast" name="test_event_preprocessor_exception[trio]" time="0.010" /><testcase classname="tests.test_broadcast" name="test_event_postprocessor[trio]" time="0.008" /><testcase classname="tests.test_broadcast" name="test_event_postprocessor_exception[trio]" time="0.013" /><testcase classname="tests.test_broadcast" name="test_run_preprocessor[trio]" time="0.009" /><testcase classname="tests.test_broadcast" name="test_run_preprocessor_ignore[trio]" time="0.005" /><testcase classname="tests.test_broadcast" name="test_run_preprocessor_exception[trio]" time="0.017" /><testcase classname="tests.test_broadcast" name="test_run_postprocessor[trio]" time="0.013" /><testcase classname="tests.test_broadcast" name="test_run_postprocessor_exception[trio]" time="0.020" /><testcase classname="tests.test_compat" name="test_default_config[trio]" time="0.001" /><testcase classname="tests.test_compat" name="test_field_info[trio]" time="0.001" /><testcase classname="tests.test_compat" name="test_field_validator[trio]" time="0.002" /><testcase classname="tests.test_compat" name="test_type_adapter[trio]" time="0.002" /><testcase classname="tests.test_compat" name="test_model_dump[trio]" time="0.001" /><testcase classname="tests.test_compat" name="test_model_validator[trio]" time="0.002" /><testcase classname="tests.test_compat" name="test_custom_validation[trio]" time="0.001" /><testcase classname="tests.test_compat" name="test_validate_json[trio]" time="0.003" /><testcase classname="tests.test_config" name="test_config_no_env[trio]" time="0.002" /><testcase classname="tests.test_config" name="test_config_with_env[trio]" time="0.007" /><testcase classname="tests.test_config" name="test_config_error_env[trio]" time="0.005" /><testcase classname="tests.test_config" name="test_config_without_delimiter[trio]" time="0.007" /><testcase classname="tests.test_driver" name="test_lifespan[trio-none]" time="0.005" /><testcase classname="tests.test_driver" name="test_http_server[trio-fastapi]" time="1.010" /><testcase classname="tests.test_driver" name="test_websocket_server[asyncio-fastapi]" time="1.012" /><testcase classname="tests.test_driver" name="test_http_server[trio-quart]" time="1.011" /><testcase classname="tests.test_driver" name="test_websocket_server[asyncio-quart]" time="1.022" /><testcase classname="tests.test_driver" name="test_websocket_server[trio-fastapi]" time="1.007" /><testcase classname="tests.test_driver" name="test_cross_context[asyncio-fastapi]" time="1.006" /><testcase classname="tests.test_driver" name="test_websocket_server[trio-quart]" time="1.010" /><testcase classname="tests.test_driver" name="test_cross_context[asyncio-quart]" time="1.009" /><testcase classname="tests.test_driver" name="test_cross_context[trio-fastapi]" time="1.006" /><testcase classname="tests.test_driver" name="test_http_client[asyncio-httpx]" time="1.384" /><testcase classname="tests.test_driver" name="test_cross_context[trio-quart]" time="1.008" /><testcase classname="tests.test_driver" name="test_http_client[asyncio-aiohttp]" time="1.168" /><testcase classname="tests.test_driver" name="test_http_client[trio-httpx]" time="1.368" /><testcase classname="tests.test_driver" name="test_http_client_session[asyncio-httpx]" time="1.096" /><testcase classname="tests.test_driver" name="test_http_client[trio-aiohttp]" time="1.060" /><testcase classname="tests.test_driver" name="test_http_client_session[asyncio-aiohttp]" time="1.052" /><testcase classname="tests.test_driver" name="test_http_client_session[trio-httpx]" time="1.102" /><testcase classname="tests.test_driver" name="test_websocket_client[asyncio-websockets]" time="1.031" /><testcase classname="tests.test_driver" name="test_http_client_session[trio-aiohttp]" time="1.051" /><testcase classname="tests.test_driver" name="test_websocket_client[asyncio-aiohttp]" time="1.010" /><testcase classname="tests.test_driver" name="test_websocket_client[trio-websockets]" time="1.015" /><testcase classname="tests.test_driver" name="test_combine_driver[asyncio-fastapi+aiohttp]" time="0.003" /><testcase classname="tests.test_driver" name="test_combine_driver[asyncio-httpx+websockets]" time="0.003" /><testcase classname="tests.test_driver" name="test_bot_connect_hook[asyncio]" time="1.005" /><testcase classname="tests.test_driver" name="test_websocket_client[trio-aiohttp]" time="1.016" /><testcase classname="tests.test_echo" name="test_echo[asyncio]" time="0.025" /><testcase classname="tests.test_init" name="test_init[asyncio]" time="0.001" /><testcase classname="tests.test_init" name="test_get_driver[asyncio]" time="0.001" /><testcase classname="tests.test_init" name="test_get_asgi[asyncio]" time="0.001" /><testcase classname="tests.test_init" name="test_get_app[asyncio]" time="0.001" /><testcase classname="tests.test_init" name="test_get_adapter[asyncio]" time="0.002" /><testcase classname="tests.test_init" name="test_run[asyncio]" time="0.001" /><testcase classname="tests.test_init" name="test_get_bot[asyncio]" time="0.002" /><testcase classname="tests.test_matcher.test_matcher" name="test_matcher_info[asyncio]" time="0.001" /><testcase classname="tests.test_matcher.test_matcher" name="test_matcher_check[asyncio]" time="0.012" /><testcase classname="tests.test_matcher.test_matcher" name="test_matcher_handle[asyncio]" time="0.004" /><testcase classname="tests.test_matcher.test_matcher" name="test_matcher_got[asyncio]" time="0.027" /><testcase classname="tests.test_matcher.test_matcher" name="test_matcher_receive[asyncio]" time="0.029" /><testcase classname="tests.test_matcher.test_matcher" name="test_matcher_combine[asyncio]" time="0.040" /><testcase classname="tests.test_matcher.test_matcher" name="test_matcher_preset[asyncio]" time="0.020" /><testcase classname="tests.test_matcher.test_matcher" name="test_matcher_overload[asyncio]" time="0.007" /><testcase classname="tests.test_matcher.test_matcher" name="test_matcher_destroy[asyncio]" time="0.002" /><testcase classname="tests.test_matcher.test_matcher" name="test_type_updater[asyncio]" time="0.002" /><testcase classname="tests.test_matcher.test_matcher" name="test_default_permission_updater[asyncio]" time="0.003" /><testcase classname="tests.test_matcher.test_matcher" name="test_user_permission_updater[asyncio]" time="0.003" /><testcase classname="tests.test_matcher.test_matcher" name="test_custom_permission_updater[asyncio]" time="0.002" /><testcase classname="tests.test_matcher.test_matcher" name="test_run[asyncio]" time="0.005" /><testcase classname="tests.test_matcher.test_matcher" name="test_temp[asyncio]" time="0.002" /><testcase classname="tests.test_matcher.test_matcher" name="test_datetime_expire[asyncio]" time="0.002" /><testcase classname="tests.test_matcher.test_matcher" name="test_timedelta_expire[asyncio]" time="0.003" /><testcase classname="tests.test_matcher.test_provider" name="test_manager[asyncio]" time="0.001" /><testcase classname="tests.test_param" name="test_depend[asyncio]" time="1.036" /><testcase classname="tests.test_driver" name="test_combine_driver[trio-fastapi+aiohttp]" time="0.003" /><testcase classname="tests.test_driver" name="test_combine_driver[trio-httpx+websockets]" time="0.003" /><testcase classname="tests.test_driver" name="test_bot_connect_hook[trio]" time="1.004" /><testcase classname="tests.test_param" name="test_bot[asyncio]" time="0.010" /><testcase classname="tests.test_param" name="test_event[asyncio]" time="0.016" /><testcase classname="tests.test_param" name="test_state[asyncio]" time="0.032" /><testcase classname="tests.test_param" name="test_matcher[asyncio]" time="0.022" /><testcase classname="tests.test_param" name="test_arg[asyncio]" time="0.009" /><testcase classname="tests.test_param" name="test_exception[asyncio]" time="0.003" /><testcase classname="tests.test_param" name="test_default[asyncio]" time="0.002" /><testcase classname="tests.test_param" name="test_priority[asyncio]" time="0.002" /><testcase classname="tests.test_permission" name="test_permission[asyncio]" time="0.005" /><testcase classname="tests.test_permission" name="test_message[asyncio-message-True]" time="0.003" /><testcase classname="tests.test_permission" name="test_message[asyncio-notice-False]" time="0.003" /><testcase classname="tests.test_permission" name="test_notice[asyncio-message-False]" time="0.003" /><testcase classname="tests.test_permission" name="test_notice[asyncio-notice-True]" time="0.002" /><testcase classname="tests.test_permission" name="test_request[asyncio-message-False]" time="0.003" /><testcase classname="tests.test_permission" name="test_request[asyncio-request-True]" time="0.002" /><testcase classname="tests.test_permission" name="test_metaevent[asyncio-message-False]" time="0.003" /><testcase classname="tests.test_permission" name="test_metaevent[asyncio-meta_event-True]" time="0.002" /><testcase classname="tests.test_permission" name="test_superuser[asyncio-message-test-True]" time="0.004" /><testcase classname="tests.test_permission" name="test_superuser[asyncio-message-foo-False]" time="0.003" /><testcase classname="tests.test_permission" name="test_superuser[asyncio-message-faketest-True]" time="0.002" /><testcase classname="tests.test_permission" name="test_superuser[asyncio-message-None-False]" time="0.003" /><testcase classname="tests.test_permission" name="test_request[trio-message-False]" time="0.003" /><testcase classname="tests.test_permission" name="test_request[trio-request-True]" time="0.002" /><testcase classname="tests.test_permission" name="test_metaevent[trio-message-False]" time="0.003" /><testcase classname="tests.test_permission" name="test_metaevent[trio-meta_event-True]" time="0.003" /><testcase classname="tests.test_permission" name="test_superuser[trio-message-test-True]" time="0.003" /><testcase classname="tests.test_permission" name="test_superuser[trio-message-foo-False]" time="0.003" /><testcase classname="tests.test_permission" name="test_superuser[trio-message-faketest-True]" time="0.002" /><testcase classname="tests.test_permission" name="test_superuser[trio-message-None-False]" time="0.003" /><testcase classname="tests.test_permission" name="test_superuser[trio-notice-test-True]" time="0.002" /><testcase classname="tests.test_permission" name="test_user[trio-session_ids0-user-True]" time="0.005" /><testcase classname="tests.test_permission" name="test_user[trio-session_ids1-bar-False]" time="0.003" /><testcase classname="tests.test_permission" name="test_user[trio-session_ids2-None-False]" time="0.004" /><testcase classname="tests.test_plugin.test_get" name="test_get_plugin[trio]" time="0.001" /><testcase classname="tests.test_plugin.test_get" name="test_get_plugin_by_module_name[trio]" time="0.001" /><testcase classname="tests.test_plugin.test_get" name="test_get_available_plugin[trio]" time="0.001" /><testcase classname="tests.test_plugin.test_get" name="test_get_plugin_config[trio]" time="0.002" /><testcase classname="tests.test_plugin.test_load" name="test_load_plugin[trio]" time="0.005" /><testcase classname="tests.test_plugin.test_load" name="test_load_plugins[trio]" time="0.002" /><testcase classname="tests.test_plugin.test_load" name="test_load_nested_plugin[trio]" time="0.001" /><testcase classname="tests.test_plugin.test_load" name="test_load_json[trio]" time="0.001" /><testcase classname="tests.test_plugin.test_load" name="test_load_toml[trio]" time="0.002" /><testcase classname="tests.test_plugin.test_load" name="test_bad_plugin[trio]" time="0.005" /><testcase classname="tests.test_plugin.test_load" name="test_require_loaded[trio]" time="0.001" /><testcase classname="tests.test_plugin.test_load" name="test_require_not_loaded[trio]" time="0.003" /><testcase classname="tests.test_plugin.test_load" name="test_require_not_declared[trio]" time="0.002" /><testcase classname="tests.test_plugin.test_load" name="test_require_not_found[trio]" time="0.003" /><testcase classname="tests.test_plugin.test_load" name="test_plugin_metadata[trio]" time="0.001" /><testcase classname="tests.test_plugin.test_load" name="test_inherit_supported_adapters_not_found[trio]" time="0.001" /><testcase classname="tests.test_plugin.test_load" name="test_inherit_supported_adapters_combine[trio-inherit_plugins0-None]" time="0.001" /><testcase classname="tests.test_plugin.test_load" name="test_inherit_supported_adapters_combine[trio-inherit_plugins1-expected1]" time="0.001" /><testcase classname="tests.test_plugin.test_load" name="test_inherit_supported_adapters_combine[trio-inherit_plugins2-expected2]" time="0.001" /><testcase classname="tests.test_plugin.test_load" name="test_inherit_supported_adapters_combine[trio-inherit_plugins3-expected3]" time="0.003" /><testcase classname="tests.test_plugin.test_load" name="test_inherit_supported_adapters_combine[trio-inherit_plugins4-expected4]" time="0.002" /><testcase classname="tests.test_plugin.test_load" name="test_inherit_supported_adapters_combine[trio-inherit_plugins5-expected5]" time="0.002" /><testcase classname="tests.test_plugin.test_load" name="test_inherit_supported_adapters_combine[trio-inherit_plugins6-expected6]" time="0.005" /><testcase classname="tests.test_plugin.test_load" name="test_inherit_supported_adapters_combine[trio-inherit_plugins7-expected7]" time="0.004" /><testcase classname="tests.test_plugin.test_load" name="test_inherit_supported_adapters_combine[trio-inherit_plugins8-expected8]" time="0.005" /><testcase classname="tests.test_plugin.test_load" name="test_inherit_supported_adapters_combine[trio-inherit_plugins9-expected9]" time="0.004" /><testcase classname="tests.test_plugin.test_manager" name="test_load_plugin_name[trio]" time="0.008" /><testcase classname="tests.test_plugin.test_on" name="test_on[trio-matcher_on-None-True]" time="0.003" /><testcase classname="tests.test_plugin.test_on" name="test_on[trio-matcher_on_metaevent-None-False]" time="0.002" /><testcase classname="tests.test_plugin.test_on" name="test_on[trio-matcher_on_message-None-True]" time="0.002" /><testcase classname="tests.test_plugin.test_on" name="test_on[trio-matcher_on_notice-None-False]" time="0.002" /><testcase classname="tests.test_plugin.test_on" name="test_on[trio-matcher_on_request-None-False]" time="0.002" /><testcase classname="tests.test_plugin.test_on" name="test_on[trio-matcher_on_startswith-&lt;lambda&gt;-True]" time="0.002" /><testcase classname="tests.test_plugin.test_on" name="test_on[trio-matcher_on_endswith-&lt;lambda&gt;-True]" time="0.002" /><testcase classname="tests.test_plugin.test_on" name="test_on[trio-matcher_on_fullmatch-&lt;lambda&gt;-True]" time="0.002" /><testcase classname="tests.test_plugin.test_on" name="test_on[trio-matcher_on_keyword-&lt;lambda&gt;-True]" time="0.001" /><testcase classname="tests.test_plugin.test_on" name="test_on[trio-matcher_on_command-&lt;lambda&gt;-True]" time="0.001" /><testcase classname="tests.test_plugin.test_on" name="test_on[trio-matcher_on_shell_command-&lt;lambda&gt;-True]" time="0.002" /><testcase classname="tests.test_plugin.test_on" name="test_on[trio-matcher_on_regex-&lt;lambda&gt;-True]" time="0.001" /><testcase classname="tests.test_plugin.test_on" name="test_on[trio-matcher_on_type-&lt;lambda&gt;-True]" time="0.002" /><testcase classname="tests.test_plugin.test_on" name="test_on[trio-matcher_prefix_cmd-&lt;lambda&gt;-True]" time="0.001" /><testcase classname="tests.test_plugin.test_on" name="test_on[trio-matcher_prefix_shell_cmd-&lt;lambda&gt;-True]" time="0.001" /><testcase classname="tests.test_plugin.test_on" name="test_on[trio-matcher_prefix_aliases_cmd-&lt;lambda&gt;-True]" time="0.001" /><testcase classname="tests.test_plugin.test_on" name="test_on[trio-matcher_prefix_aliases_shell_cmd-&lt;lambda&gt;-True]" time="0.001" /><testcase classname="tests.test_plugin.test_on" name="test_on[trio-matcher_group_on-None-True]" time="0.002" /><testcase classname="tests.test_plugin.test_on" name="test_on[trio-matcher_group_on_metaevent-None-False]" time="0.001" /><testcase classname="tests.test_plugin.test_on" name="test_on[trio-matcher_group_on_message-None-True]" time="0.001" /><testcase classname="tests.test_plugin.test_on" name="test_on[trio-matcher_group_on_notice-None-False]" time="0.002" /><testcase classname="tests.test_plugin.test_on" name="test_on[trio-matcher_group_on_request-None-False]" time="0.001" /><testcase classname="tests.test_echo" name="test_echo[trio]" time="0.043" /><testcase classname="tests.test_plugin.test_on" name="test_on[trio-matcher_group_on_startswith-&lt;lambda&gt;-True]" time="0.002" /><testcase classname="tests.test_plugin.test_on" name="test_on[trio-matcher_group_on_endswith-&lt;lambda&gt;-True]" time="0.002" /><testcase classname="tests.test_plugin.test_on" name="test_on[trio-matcher_group_on_fullmatch-&lt;lambda&gt;-True]" time="0.002" /><testcase classname="tests.test_plugin.test_on" name="test_on[trio-matcher_group_on_keyword-&lt;lambda&gt;-True]" time="0.002" /><testcase classname="tests.test_plugin.test_on" name="test_on[trio-matcher_group_on_command-&lt;lambda&gt;-True]" time="0.002" /><testcase classname="tests.test_plugin.test_on" name="test_on[trio-matcher_group_on_shell_command-&lt;lambda&gt;-True]" time="0.002" /><testcase classname="tests.test_plugin.test_on" name="test_on[trio-matcher_group_on_regex-&lt;lambda&gt;-True]" time="0.002" /><testcase classname="tests.test_plugin.test_on" name="test_on[trio-matcher_group_on_type-&lt;lambda&gt;-True]" time="0.002" /><testcase classname="tests.test_plugin.test_on" name="test_runtime_on[trio]" time="0.005" /><testcase classname="tests.test_init" name="test_init[trio]" time="0.001" /><testcase classname="tests.test_init" name="test_get_driver[trio]" time="0.001" /><testcase classname="tests.test_init" name="test_get_asgi[trio]" time="0.001" /><testcase classname="tests.test_init" name="test_get_app[trio]" time="0.001" /><testcase classname="tests.test_init" name="test_get_adapter[trio]" time="0.002" /><testcase classname="tests.test_rule" name="test_rule[trio]" time="0.018" /><testcase classname="tests.test_init" name="test_run[trio]" time="0.001" /><testcase classname="tests.test_init" name="test_get_bot[trio]" time="0.002" /><testcase classname="tests.test_matcher.test_matcher" name="test_matcher_info[trio]" time="0.002" /><testcase classname="tests.test_matcher.test_matcher" name="test_matcher_check[trio]" time="0.017" /><testcase classname="tests.test_rule" name="test_trie[trio]" time="0.011" /><testcase classname="tests.test_matcher.test_matcher" name="test_matcher_handle[trio]" time="0.007" /><testcase classname="tests.test_rule" name="test_startswith[trio-prefix-False-message-prefix_-True]" time="0.007" /><testcase classname="tests.test_matcher.test_matcher" name="test_matcher_got[trio]" time="0.035" /><testcase classname="tests.test_rule" name="test_startswith[trio-prefix-False-message-Prefix_-False]" time="0.007" /><testcase classname="tests.test_rule" name="test_startswith[trio-prefix-True-message-prefix_-True]" time="0.006" /><testcase classname="tests.test_rule" name="test_startswith[trio-prefix-True-message-Prefix_-True]" time="0.005" /><testcase classname="tests.test_matcher.test_matcher" name="test_matcher_receive[trio]" time="0.033" /><testcase classname="tests.test_rule" name="test_startswith[trio-prefix-False-message-prefoo-False]" time="0.008" /><testcase classname="tests.test_rule" name="test_startswith[trio-prefix-False-message-fooprefix-False]" time="0.005" /><testcase classname="tests.test_rule" name="test_startswith[trio-prefix-False-message-None-False]" time="0.005" /><testcase classname="tests.test_rule" name="test_startswith[trio-msg7-False-message-fooprefix-True]" time="0.009" /><testcase classname="tests.test_matcher.test_matcher" name="test_matcher_combine[trio]" time="0.057" /><testcase classname="tests.test_rule" name="test_startswith[trio-prefix-False-notice-prefix-True]" time="0.008" /><testcase classname="tests.test_rule" name="test_startswith[trio-prefix-False-notice-foo-False]" time="0.007" /><testcase classname="tests.test_rule" name="test_endswith[trio-suffix-False-message-_suffix-True]" time="0.005" /><testcase classname="tests.test_rule" name="test_endswith[trio-suffix-False-message-_Suffix-False]" time="0.005" /><testcase classname="tests.test_rule" name="test_endswith[trio-suffix-True-message-_suffix-True]" time="0.005" /><testcase classname="tests.test_rule" name="test_endswith[trio-suffix-True-message-_Suffix-True]" time="0.011" /><testcase classname="tests.test_matcher.test_matcher" name="test_matcher_preset[trio]" time="0.027" /><testcase classname="tests.test_rule" name="test_endswith[trio-suffix-False-message-suffoo-False]" time="0.008" /><testcase classname="tests.test_rule" name="test_endswith[trio-suffix-False-message-suffixfoo-False]" time="0.007" /><testcase classname="tests.test_rule" name="test_endswith[trio-suffix-False-message-None-False]" time="0.007" /><testcase classname="tests.test_matcher.test_matcher" name="test_matcher_overload[trio]" time="0.008" /><testcase classname="tests.test_matcher.test_matcher" name="test_matcher_destroy[trio]" time="0.002" /><testcase classname="tests.test_rule" name="test_endswith[trio-msg7-False-message-suffixfoo-True]" time="0.013" /><testcase classname="tests.test_matcher.test_matcher" name="test_type_updater[trio]" time="0.003" /><testcase classname="tests.test_matcher.test_matcher" name="test_default_permission_updater[trio]" time="0.003" /><testcase classname="tests.test_matcher.test_matcher" name="test_user_permission_updater[trio]" time="0.003" /><testcase classname="tests.test_rule" name="test_endswith[trio-suffix-False-notice-suffix-True]" time="0.011" /><testcase classname="tests.test_matcher.test_matcher" name="test_custom_permission_updater[trio]" time="0.003" /><testcase classname="tests.test_matcher.test_matcher" name="test_run[trio]" time="0.006" /><testcase classname="tests.test_matcher.test_matcher" name="test_temp[trio]" time="0.003" /><testcase classname="tests.test_rule" name="test_endswith[trio-suffix-False-notice-foo-False]" time="0.008" /><testcase classname="tests.test_matcher.test_matcher" name="test_datetime_expire[trio]" time="0.003" /><testcase classname="tests.test_matcher.test_matcher" name="test_timedelta_expire[trio]" time="0.003" /><testcase classname="tests.test_matcher.test_provider" name="test_manager[trio]" time="0.001" /><testcase classname="tests.test_param" name="test_depend[trio]" time="1.042" /><testcase classname="tests.test_rule" name="test_fullmatch[trio-fullmatch-False-message-fullmatch-True]" time="0.010" /><testcase classname="tests.test_rule" name="test_fullmatch[trio-fullmatch-False-message-Fullmatch-False]" time="0.008" /><testcase classname="tests.test_rule" name="test_fullmatch[trio-fullmatch-True-message-fullmatch-True]" time="0.007" /><testcase classname="tests.test_rule" name="test_fullmatch[trio-fullmatch-True-message-Fullmatch-True]" time="0.004" /><testcase classname="tests.test_rule" name="test_fullmatch[trio-fullmatch-False-message-fullfoo-False]" time="0.003" /><testcase classname="tests.test_rule" name="test_fullmatch[trio-fullmatch-False-message-_fullmatch_-False]" time="0.004" /><testcase classname="tests.test_rule" name="test_fullmatch[trio-fullmatch-False-message-None-False]" time="0.004" /><testcase classname="tests.test_rule" name="test_fullmatch[trio-msg7-False-message-fullmatchfoo-False]" time="0.005" /><testcase classname="tests.test_rule" name="test_fullmatch[trio-fullmatch-False-notice-fullmatch-True]" time="0.003" /><testcase classname="tests.test_rule" name="test_fullmatch[trio-fullmatch-False-notice-foo-False]" time="0.005" /><testcase classname="tests.test_rule" name="test_keyword[trio-kws0-message-_key_-True]" time="0.003" /><testcase classname="tests.test_rule" name="test_keyword[trio-kws1-message-_foo_-True]" time="0.004" /><testcase classname="tests.test_rule" name="test_keyword[trio-kws2-message-None-False]" time="0.004" /><testcase classname="tests.test_rule" name="test_keyword[trio-kws3-message-foo-False]" time="0.004" /><testcase classname="tests.test_rule" name="test_keyword[trio-kws4-notice-_key_-True]" time="0.003" /><testcase classname="tests.test_rule" name="test_keyword[trio-kws5-notice-foo-False]" time="0.004" /><testcase classname="tests.test_rule" name="test_command[trio-cmds0-None-cmd0-None-None-True]" time="0.007" /><testcase classname="tests.test_rule" name="test_command[trio-cmds1-None-cmd1-None-None-False]" time="0.008" /><testcase classname="tests.test_rule" name="test_command[trio-cmds2-None-cmd2-None-None-True]" time="0.007" /><testcase classname="tests.test_rule" name="test_command[trio-cmds3-None-cmd3-None-None-False]" time="0.011" /><testcase classname="tests.test_rule" name="test_command[trio-cmds4-None-cmd4-None-None-True]" time="0.012" /><testcase classname="tests.test_rule" name="test_command[trio-cmds5-None-cmd5-None-None-False]" time="0.012" /><testcase classname="tests.test_rule" name="test_command[trio-cmds6-True-cmd6- -arg-True]" time="0.010" /><testcase classname="tests.test_rule" name="test_command[trio-cmds7-True-cmd7-None-arg-False]" time="0.008" /><testcase classname="tests.test_rule" name="test_command[trio-cmds8-True-cmd8-None-None-True]" time="0.008" /><testcase classname="tests.test_rule" name="test_command[trio-cmds9-False-cmd9- -arg-False]" time="0.007" /><testcase classname="tests.test_rule" name="test_command[trio-cmds10-False-cmd10-None-arg-True]" time="0.010" /><testcase classname="tests.test_rule" name="test_command[trio-cmds11-False-cmd11-None-None-True]" time="0.008" /><testcase classname="tests.test_rule" name="test_command[trio-cmds12- -cmd12- -arg-True]" time="0.008" /><testcase classname="tests.test_rule" name="test_command[trio-cmds13- -cmd13-\n-arg-False]" time="0.010" /><testcase classname="tests.test_rule" name="test_command[trio-cmds14- -cmd14-None-arg-False]" time="0.007" /><testcase classname="tests.test_rule" name="test_command[trio-cmds15- -cmd15-None-None-True]" time="0.007" /><testcase classname="tests.test_rule" name="test_shell_command[trio]" time="0.050" /><testcase classname="tests.test_rule" name="test_regex[trio-(?P&lt;key&gt;key\\d)-message-_key1_-True-matched0]" time="0.003" /><testcase classname="tests.test_rule" name="test_regex[trio-foo-message-None-False-None]" time="0.004" /><testcase classname="tests.test_rule" name="test_regex[trio-foo-notice-foo-True-matched2]" time="0.003" /><testcase classname="tests.test_rule" name="test_regex[trio-foo-notice-bar-False-None]" time="0.004" /><testcase classname="tests.test_rule" name="test_to_me[trio-True]" time="0.003" /><testcase classname="tests.test_rule" name="test_to_me[trio-False]" time="0.004" /><testcase classname="tests.test_rule" name="test_is_type[trio]" time="0.004" /><testcase classname="tests.test_single_session" name="test_matcher_mutex[trio]" time="0.004" /><testcase classname="tests.test_utils" name="test_loguru_escape_tag[trio]" time="0.001" /><testcase classname="tests.test_utils" name="test_generic_check_issubclass[trio]" time="0.001" /><testcase classname="tests.test_utils" name="test_is_coroutine_callable[trio]" time="0.001" /><testcase classname="tests.test_utils" name="test_is_gen_callable[trio]" time="0.001" /><testcase classname="tests.test_utils" name="test_is_async_gen_callable[trio]" time="0.001" /><testcase classname="tests.test_utils" name="test_dataclass_encoder[trio]" time="0.029" /><testcase classname="tests.test_param" name="test_bot[trio]" time="0.011" /><testcase classname="tests.test_param" name="test_event[trio]" time="0.017" /><testcase classname="tests.test_param" name="test_state[trio]" time="0.036" /><testcase classname="tests.test_param" name="test_matcher[trio]" time="0.025" /><testcase classname="tests.test_param" name="test_arg[trio]" time="0.014" /><testcase classname="tests.test_param" name="test_exception[trio]" time="0.004" /><testcase classname="tests.test_param" name="test_default[trio]" time="0.003" /><testcase classname="tests.test_param" name="test_priority[trio]" time="0.002" /><testcase classname="tests.test_permission" name="test_permission[trio]" time="0.009" /><testcase classname="tests.test_permission" name="test_message[trio-message-True]" time="0.005" /><testcase classname="tests.test_permission" name="test_message[trio-notice-False]" time="0.003" /><testcase classname="tests.test_permission" name="test_notice[trio-message-False]" time="0.004" /><testcase classname="tests.test_permission" name="test_notice[trio-notice-True]" time="0.469" /></testsuite></testsuites>